 7.6.19   15:58:08                                                 Page  1

         ДЪРЖАВНО ПРЕДПРИЯТИЕ РАДИОАКТИВНИ ОТПАДЪЦИ
      Лаборатория за изпитване сектор Радиохимия ЛИ-РХ

*************************************************************************
*****     Г А М А - С П Е К Т Р О М Е Т Р И Ч Е Н   А Н А Л И З     *****
*************************************************************************

Описание на пробата               3916-1                                             
                                  резервоар  03D-SS02T02 - ЦНРД                      

Извършил анализа :                П.Катранкиев                подпис:......
                                                      Дата  7.6.2019    

Имe нa файла:
L:\SPE\IZV-N\IZV-N-19\Баня ЦНРД\3916-1.CNF                                            

Количество на пробата              1.00E+000 l       
Неопределеност                       0.0041

Kалибровка по ефективност         T23-M10_2016    

Време на вземане на пробата       16.5.2019  15:00:00   
Начало на измерване               17.5.2019  08:56:41   
Зададено време                      20000.000 с
Реално време                        20002.804 с
Мъртво време                            0.01 %

Корекция с фонов спектър          C:\GENIE2K\Fon-T23A-U-2504.CNF         
Използвана библиотека             C:\GENIE2K\CAMFILES\RCH_CommonAnalyzes.N

Дата на калибровка по енергия     18.10.2016
Дата на калибровка по ефективност 18.10.2016

Случайна неопределеност             1.00 %.
Систематична неопределеност         0.00 %.

                                Проверил: Дата  ............. подпис:......



*****  А К Т И В Н О С Т  Н А  И Д Е Н Т И Ф И Ц И Р А Н И Т Е  Н У К Л И Д И  *****


     Нуклид   Сигурност на   Активност  Неопределеност  Неопределеност  MДA на нуклида
     Име      идентификация  (Bq /l   )   (Bq /l   )         (%)          (Bq /l   )


* = Активността на нуклида е под МДА
? = Не е намерено точно решение за този нуклид
X = Нуклидът е отхвърлен след интерференсния анализ
@ = Нуклидът съдържа линии,които не са използвани при изчисляване на активността

 Неопределеността е изчислена при  2.000 сигма

 7.6.19   15:58:08                                                 Page  2


*****   М И Н И М А Л Н О  Д Е Т Е К Т И Р У Е М И   А К Т И В Н О С Т И   *****


       Нуклид    Енергия   Добив   MДA на линията   MДA на нуклида   Активност
       Име       (keV)     (%)     (Bq /l   )        (Bq /l   )      (Bq /l   )

       K-40     1460.82   10.55     3.59E+000        3.59E+000       7.41E+000   
       MN-54     834.85   99.98     1.90E-001        1.90E-001      -1.42E-002   
       CO-60    1173.23   99.85     2.10E-001        2.05E-001       1.39E-001   
                1332.49   99.98     2.05E-001                       -1.30E-001   
       Nb-94     702.62   97.90     1.93E-001        1.89E-001       1.39E-001   
                 871.09   99.90     1.89E-001                       -4.49E-002   
       NB-95     765.80   99.81     1.99E-001        1.99E-001      -4.56E-002   
       AG-108M   433.94   90.10     1.83E-001        1.83E-001       5.80E-002   
                 614.28   90.50     2.15E-001                       -1.19E-001   
                 722.91   90.80     2.11E-001                        4.47E-002   
       AG-110M   657.76   94.38     1.97E-001        1.97E-001      -1.78E-001   
                 763.94   22.31     8.89E-001                        5.93E-001   
                 818.02    7.33     2.54E+000                       -5.96E-001   
                 884.68   74.00     2.50E-001                        3.41E-002   
                 937.48   34.51     6.01E-001                       -2.19E-002   
                1384.29   24.70     6.76E-001                       -8.38E-001   
       I-131      80.18    2.61     6.14E+000        1.99E-001      -8.36E+000   
                 284.30    6.14     2.64E+000                       -1.39E+000   
                 364.49   81.20     1.99E-001                       -7.64E-003   
                 636.99    7.12     2.66E+000                       -7.84E-001   
                 722.91    1.79     1.16E+001                        2.45E+000   
       CS-134    563.23    8.38     2.08E+000        1.94E-001       6.65E-001   
                 569.32   15.39     1.05E+000                        5.08E-002   
                 604.69   97.63     1.94E-001                       -4.29E-001   
                 795.84   85.52     2.23E-001                        1.52E-001   
                1365.16    3.02     6.69E+000                        1.39E+000   
       CS-137    661.66   84.99     2.35E-001        2.35E-001       3.21E-001   
       BA-140    162.66    6.49     2.21E+000        6.93E-001       2.33E+000   
                 304.97    4.33     3.66E+000                       -3.03E+000   
                 537.26   24.60     6.93E-001                        3.36E-001   
       EU-152     45.48   11.78     6.57E+000        4.67E-001       8.26E+000   
                  46.70    3.04     2.23E+001                        2.48E+001   
                 121.78   28.41     4.67E-001                        2.56E-001   
                 244.70    7.55     2.02E+000                       -2.09E-001   
                 344.28   26.59     5.75E-001                        1.69E-001   
                 411.12    2.24     7.03E+000                       -1.05E-001   
                 443.96    2.80     5.45E+000                        1.47E+000   
                 563.99    0.46     3.75E+001                        1.54E+001   
                 566.44    0.13     1.23E+002                       -9.96E+000   
                 688.67    0.84     2.01E+001                       -1.84E+001   
                 764.90    0.19     1.04E+002                        5.35E+001   
                 778.90   12.97     1.40E+000                       -6.70E-001   
                 810.45    0.32     6.22E+001                        5.33E+001   
                 867.38    4.24     4.61E+000                        1.73E+000   
                 964.08   14.50     1.44E+000                       -6.68E-001   
                1085.84   10.13     2.17E+000                        1.51E+000   
                1112.08   13.41     1.61E+000                        1.69E-002   
                1299.14    1.63     1.31E+001                        6.04E+000   
                1408.01   20.85     1.03E+000                       -4.88E-001   
       EU-154    123.07   40.40     3.19E-001        3.19E-001      -2.99E-001   
                 247.93    6.89     2.27E+000                        9.75E-001   
                 723.30   20.05     9.73E-001                        4.74E-001   
                 756.80    4.53     4.04E+000                       -2.80E+000   
                 873.18   12.17     1.59E+000                       -5.66E-002   
                1004.72   17.86     1.26E+000                       -2.16E-001   
                1274.43   34.90     6.30E-001                       -7.27E-001   
       EU-155     86.55   30.70     5.06E-001        5.06E-001       1.76E-001   
                 105.31   21.10     6.49E-001                        9.67E-002   
       Pb-210     46.54    4.25     1.61E+001        1.61E+001       1.58E+001   
       AM-241     59.54   35.92     6.97E-001        6.97E-001      -5.89E-002   

 + = Нуклидът е идентифициран в спектъра
 * = Линията е открита в спектъра
 > = Не е изчислена стойност за МДА
 @ = Периодът на полуразпадане е твърде кратък - няма корекция за разпадане 
