 7.6.19   15:57:36                                                 Page  1

         ДЪРЖАВНО ПРЕДПРИЯТИЕ РАДИОАКТИВНИ ОТПАДЪЦИ
      Лаборатория за изпитване сектор Радиохимия ЛИ-РХ

*************************************************************************
*****     Г А М А - С П Е К Т Р О М Е Т Р И Ч Е Н   А Н А Л И З     *****
*************************************************************************

Описание на пробата               3925-1                                             
                                  резервоар  03D-SS02T01 - ЦНРД                      

Извършил анализа :                П.Катранкиев                подпис:......
                                                      Дата  7.6.2019    

Имe нa файла:
L:\SPE\IZV-N\IZV-N-19\Баня ЦНРД\3925-1.CNF                                            

Количество на пробата              1.00E+000 l       
Неопределеност                       0.0041

Kалибровка по ефективност         T24-M10_2016    

Време на вземане на пробата       23.5.2019  13:00:00   
Начало на измерване               27.5.2019  15:29:57   
Зададено време                      20000.000 с
Реално време                        20002.140 с
Мъртво време                            0.01 %

Корекция с фонов спектър          C:\GENIE2K\Fon-T24A-U-2504.CNF         
Използвана библиотека             C:\GENIE2K\CAMFILES\RCH_CommonAnalyzes.N

Дата на калибровка по енергия     9.11.2016 
Дата на калибровка по ефективност 9.11.2016 

Случайна неопределеност             1.00 %.
Систематична неопределеност         0.00 %.

                                Проверил: Дата  ............. подпис:......



*****  А К Т И В Н О С Т  Н А  И Д Е Н Т И Ф И Ц И Р А Н И Т Е  Н У К Л И Д И  *****


     Нуклид   Сигурност на   Активност  Неопределеност  Неопределеност  MДA на нуклида
     Име      идентификация  (Bq /l   )   (Bq /l   )         (%)          (Bq /l   )


* = Активността на нуклида е под МДА
? = Не е намерено точно решение за този нуклид
X = Нуклидът е отхвърлен след интерференсния анализ
@ = Нуклидът съдържа линии,които не са използвани при изчисляване на активността

 Неопределеността е изчислена при  2.000 сигма

 7.6.19   15:57:36                                                 Page  2


*****   М И Н И М А Л Н О  Д Е Т Е К Т И Р У Е М И   А К Т И В Н О С Т И   *****


       Нуклид    Енергия   Добив   MДA на линията   MДA на нуклида   Активност
       Име       (keV)     (%)     (Bq /l   )        (Bq /l   )      (Bq /l   )

       K-40     1460.82   10.55     3.73E+000        3.73E+000       9.15E+000   
       MN-54     834.85   99.98     2.05E-001        2.05E-001      -2.31E-001   
       CO-60    1173.23   99.85     2.16E-001        2.00E-001      -7.30E-002   
                1332.49   99.98     2.00E-001                        7.65E-002   
       Nb-94     702.62   97.90     1.96E-001        1.87E-001      -8.55E-002   
                 871.09   99.90     1.87E-001                       -7.47E-002   
       NB-95     765.80   99.81     2.19E-001        2.19E-001       3.87E-002   
       AG-108M   433.94   90.10     1.96E-001        1.96E-001       4.71E-002   
                 614.28   90.50     2.78E-001                       -5.06E-003   
                 722.91   90.80     2.32E-001                        5.59E-002   
       AG-110M   657.76   94.38     1.97E-001        1.97E-001       1.65E-001   
                 763.94   22.31     8.81E-001                       -1.70E-001   
                 818.02    7.33     2.85E+000                        2.17E-002   
                 884.68   74.00     2.79E-001                        1.15E-001   
                 937.48   34.51     6.44E-001                       -2.99E-001   
                1384.29   24.70     8.88E-001                       -7.72E-001   
       I-131      80.18    2.61     1.22E+001        2.90E-001      -3.48E+000   
                 284.30    6.14     3.70E+000                       -2.28E+000   
                 364.49   81.20     2.90E-001                       -1.17E-001   
                 636.99    7.12     3.69E+000                        1.82E+000   
                 722.91    1.79     1.70E+001                        4.09E+000   
       CS-134    563.23    8.38     2.12E+000        2.35E-001      -1.42E+000   
                 569.32   15.39     1.22E+000                       -1.07E+000   
                 604.69   97.63     2.60E-001                        4.80E-002   
                 795.84   85.52     2.35E-001                        1.17E-001   
                1365.16    3.02     6.60E+000                        8.96E-001   
       CS-137    661.66   84.99     2.14E-001        2.14E-001      -1.15E-003   
       BA-140    162.66    6.49     3.04E+000        9.25E-001       9.09E-001   
                 304.97    4.33     4.88E+000                        7.43E-001   
                 537.26   24.60     9.25E-001                        1.15E+000   
       EU-152     45.48   11.78     1.24E+001        5.49E-001       1.06E+001   
                  46.70    3.04     3.99E+001                        1.18E+001   
                 121.78   28.41     5.49E-001                        7.65E-002   
                 244.70    7.55     2.17E+000                        2.30E-002   
                 344.28   26.59     6.16E-001                       -2.72E-001   
                 411.12    2.24     7.45E+000                       -3.64E+000   
                 443.96    2.80     6.35E+000                        4.90E+000   
                 563.99    0.46     3.87E+001                       -5.05E+000   
                 566.44    0.13     1.42E+002                       -5.24E+001   
                 688.67    0.84     2.25E+001                       -8.34E+000   
                 764.90    0.19     1.04E+002                       -3.32E+001   
                 778.90   12.97     1.57E+000                        4.99E-001   
                 810.45    0.32     6.52E+001                       -1.17E+001   
                 867.38    4.24     4.32E+000                       -5.39E+000   
                 964.08   14.50     1.51E+000                        9.14E-001   
                1085.84   10.13     2.15E+000                        1.23E+000   
                1112.08   13.41     1.64E+000                       -7.33E-001   
                1299.14    1.63     1.37E+001                        7.24E+000   
                1408.01   20.85     1.13E+000                        4.90E-001   
       EU-154    123.07   40.40     3.83E-001        3.83E-001      -2.21E-001   
                 247.93    6.89     2.28E+000                       -1.20E+000   
                 723.30   20.05     1.05E+000                        5.72E-002   
                 756.80    4.53     4.23E+000                        2.52E-001   
                 873.18   12.17     1.58E+000                        9.92E-001   
                1004.72   17.86     1.23E+000                        5.37E-001   
                1274.43   34.90     5.95E-001                        1.81E-001   
       EU-155     86.55   30.70     6.54E-001        6.54E-001       2.27E-001   
                 105.31   21.10     7.80E-001                        2.79E-001   
       Pb-210     46.54    4.25     2.91E+001        2.91E+001       8.61E+000   
       AM-241     59.54   35.92     1.13E+000        1.13E+000      -2.62E+000   

 + = Нуклидът е идентифициран в спектъра
 * = Линията е открита в спектъра
 > = Не е изчислена стойност за МДА
 @ = Периодът на полуразпадане е твърде кратък - няма корекция за разпадане 
