 7.6.19   15:38:22                                                 Page  1

         ДЪРЖАВНО ПРЕДПРИЯТИЕ РАДИОАКТИВНИ ОТПАДЪЦИ
      Лаборатория за изпитване сектор Радиохимия ЛИ-РХ

*************************************************************************
*****     Г А М А - С П Е К Т Р О М Е Т Р И Ч Е Н   А Н А Л И З     *****
*************************************************************************

Описание на пробата               3932-1                                             
                                  03D-SS02T02                                        

Извършил анализа :                П.Катранкиев                подпис:......
                                                      Дата  7.6.2019    

Имe нa файла:
L:\SPE\IZV-N\IZV-N-19\Баня ЦНРД\3932-1.CNF                                            

Количество на пробата              1.00E+000 l       
Неопределеност                       0.0041

Kалибровка по ефективност         T19-M10_2016    

Време на вземане на пробата       31.5.2019  09:00:00   
Начало на измерване               31.5.2019  09:22:15   
Зададено време                      20000.000 с
Реално време                        20002.930 с
Мъртво време                            0.01 %

Корекция с фонов спектър          C:\GENIE2K\Fon-T19A-U-2504.CNF         
Използвана библиотека             C:\GENIE2K\CAMFILES\RCH_CommonAnalyzes.N

Дата на калибровка по енергия     7.9.2016  
Дата на калибровка по ефективност 7.9.2016  

Случайна неопределеност             1.00 %.
Систематична неопределеност         0.00 %.

                                Проверил: Дата  ............. подпис:......



*****  А К Т И В Н О С Т  Н А  И Д Е Н Т И Ф И Ц И Р А Н И Т Е  Н У К Л И Д И  *****


     Нуклид   Сигурност на   Активност  Неопределеност  Неопределеност  MДA на нуклида
     Име      идентификация  (Bq /l   )   (Bq /l   )         (%)          (Bq /l   )


* = Активността на нуклида е под МДА
? = Не е намерено точно решение за този нуклид
X = Нуклидът е отхвърлен след интерференсния анализ
@ = Нуклидът съдържа линии,които не са използвани при изчисляване на активността

 Неопределеността е изчислена при  2.000 сигма

 7.6.19   15:38:22                                                 Page  2


*****   М И Н И М А Л Н О  Д Е Т Е К Т И Р У Е М И   А К Т И В Н О С Т И   *****


       Нуклид    Енергия   Добив   MДA на линията   MДA на нуклида   Активност
       Име       (keV)     (%)     (Bq /l   )        (Bq /l   )      (Bq /l   )

       K-40     1460.82   10.55     4.35E+000        4.35E+000       1.07E+001   
       MN-54     834.85   99.98     2.08E-001        2.08E-001      -1.39E-001   
       CO-60    1173.23   99.85     2.24E-001        2.24E-001      -1.35E-002   
                1332.49   99.98     2.27E-001                       -1.42E-001   
       Nb-94     702.62   97.90     1.96E-001        1.96E-001      -8.13E-002   
                 871.09   99.90     2.29E-001                        2.82E-002   
       NB-95     765.80   99.81     2.28E-001        2.28E-001       7.88E-002   
       AG-108M   433.94   90.10     2.27E-001        2.27E-001      -6.39E-003   
                 614.28   90.50     2.56E-001                       -1.36E-002   
                 722.91   90.80     2.38E-001                        1.69E-001   
       AG-110M   657.76   94.38     2.02E-001        2.02E-001       7.03E-002   
                 763.94   22.31     1.00E+000                        5.28E-002   
                 818.02    7.33     2.75E+000                       -1.32E+000   
                 884.68   74.00     2.74E-001                        1.38E-001   
                 937.48   34.51     6.43E-001                       -5.27E-001   
                1384.29   24.70     9.40E-001                        3.45E-002   
       CS-134    563.23    8.38     2.48E+000        2.51E-001      -1.57E+000   
                 569.32   15.39     1.35E+000                        7.44E-001   
                 604.69   97.63     2.51E-001                        2.26E-002   
                 795.84   85.52     2.58E-001                        2.80E-001   
                1365.16    3.02     7.90E+000                       -1.30E-001   
       CS-137    661.66   84.99     2.29E-001        2.29E-001       1.37E-002   
       BA-140    162.66    6.49     2.64E+000        7.70E-001      -9.30E-002   
                 304.97    4.33     4.71E+000                        4.37E-001   
                 537.26   24.60     7.70E-001                       -3.90E-001   
       EU-152     45.48   11.78     7.02E+000        5.50E-001       5.45E+000   
                  46.70    3.04     2.40E+001                        1.49E+001   
                 121.78   28.41     5.50E-001                       -2.67E-001   
                 244.70    7.55     2.63E+000                        5.48E-001   
                 344.28   26.59     7.73E-001                        1.28E-001   
                 411.12    2.24     8.78E+000                       -4.77E+000   
                 443.96    2.80     6.69E+000                       -4.06E+000   
                 563.99    0.46     4.44E+001                       -6.26E+001   
                 566.44    0.13     1.63E+002                        1.01E+002   
                 688.67    0.84     2.34E+001                       -5.95E+000   
                 764.90    0.19     1.18E+002                       -5.07E+001   
                 778.90   12.97     1.58E+000                       -2.97E-001   
                 810.45    0.32     6.79E+001                       -9.15E+000   
                 867.38    4.24     5.10E+000                       -3.01E+000   
                 964.08   14.50     1.66E+000                       -3.34E-001   
                1085.84   10.13     2.25E+000                        6.49E-001   
                1112.08   13.41     1.72E+000                       -6.71E-001   
                1299.14    1.63     1.43E+001                        6.92E+000   
                1408.01   20.85     1.23E+000                       -3.70E-001   
       EU-154    123.07   40.40     3.92E-001        3.92E-001      -1.82E-001   
                 247.93    6.89     2.88E+000                        1.85E+000   
                 723.30   20.05     1.07E+000                        8.33E-001   
                 756.80    4.53     4.90E+000                        2.18E+000   
                 873.18   12.17     1.82E+000                        3.15E-001   
                1004.72   17.86     1.28E+000                        1.35E+000   
                1274.43   34.90     6.78E-001                        1.46E-001   
       EU-155     86.55   30.70     6.50E-001        6.50E-001       2.46E-001   
                 105.31   21.10     7.90E-001                        1.28E-001   
       Pb-210     46.54    4.25     1.74E+001        1.74E+001       1.09E+001   
       AM-241     59.54   35.92     8.08E-001        8.08E-001      -3.00E-001   

 + = Нуклидът е идентифициран в спектъра
 * = Линията е открита в спектъра
 > = Не е изчислена стойност за МДА
 @ = Периодът на полуразпадане е твърде кратък - няма корекция за разпадане 
