 11.6.19  09:08:44                                                 Page  1

         ДЪРЖАВНО ПРЕДПРИЯТИЕ РАДИОАКТИВНИ ОТПАДЪЦИ
      Лаборатория за изпитване сектор Радиохимия ЛИ-РХ

*************************************************************************
*****     Г А М А - С П Е К Т Р О М Е Т Р И Ч Е Н   А Н А Л И З     *****
*************************************************************************

Описание на пробата               3941-1                                             
                                  резервоар  03D-SS02T01 - ЦНРД                      

Извършил анализа :                П.Катранкиев                подпис:......
                                                      Дата  11.6.2019   

Имe нa файла:
L:\SPE\IZV-N\IZV-N-19\Баня ЦНРД\3941-1.CNF                                            

Количество на пробата              1.00E+000 l       
Неопределеност                       0.0041

Kалибровка по ефективност         T24-M10_2016    

Време на вземане на пробата       10.6.2019  14:00:00   
Начало на измерване               10.6.2019  14:39:38   
Зададено време                      20000.000 с
Реално време                        20002.250 с
Мъртво време                            0.01 %

Корекция с фонов спектър          C:\GENIE2K\FonT24A-D-3105.CNF          
Използвана библиотека             C:\GENIE2K\CAMFILES\RCH_CommonAnalyzes.N

Дата на калибровка по енергия     9.11.2016 
Дата на калибровка по ефективност 9.11.2016 

Случайна неопределеност             1.00 %.
Систематична неопределеност         0.00 %.

                                Проверил: Дата  ............. подпис:......



*****  А К Т И В Н О С Т  Н А  И Д Е Н Т И Ф И Ц И Р А Н И Т Е  Н У К Л И Д И  *****


     Нуклид   Сигурност на   Активност  Неопределеност  Неопределеност  MДA на нуклида
     Име      идентификация  (Bq /l   )   (Bq /l   )         (%)          (Bq /l   )


* = Активността на нуклида е под МДА
? = Не е намерено точно решение за този нуклид
X = Нуклидът е отхвърлен след интерференсния анализ
@ = Нуклидът съдържа линии,които не са използвани при изчисляване на активността

 Неопределеността е изчислена при  2.000 сигма

 11.6.19  09:08:44                                                 Page  2


*****   М И Н И М А Л Н О  Д Е Т Е К Т И Р У Е М И   А К Т И В Н О С Т И   *****


       Нуклид    Енергия   Добив   MДA на линията   MДA на нуклида   Активност
       Име       (keV)     (%)     (Bq /l   )        (Bq /l   )      (Bq /l   )

       K-40     1460.82   10.55     3.70E+000        3.70E+000       8.26E+000   
       MN-54     834.85   99.98     2.06E-001        2.06E-001       1.14E-001   
       CO-60    1173.23   99.85     2.21E-001        2.14E-001       1.13E-002   
                1332.49   99.98     2.14E-001                        1.29E-001   
       Nb-94     702.62   97.90     1.93E-001        1.93E-001       1.27E-001   
                 871.09   99.90     2.01E-001                       -2.64E-003   
       NB-95     765.80   99.81     2.10E-001        2.10E-001       5.38E-002   
       AG-108M   433.94   90.10     1.83E-001        1.83E-001      -1.42E-001   
                 614.28   90.50     2.38E-001                        1.34E-001   
                 722.91   90.80     2.01E-001                        7.73E-003   
       AG-110M   657.76   94.38     1.89E-001        1.89E-001      -1.74E-001   
                 763.94   22.31     9.27E-001                        2.91E-001   
                 818.02    7.33     2.45E+000                       -1.83E+000   
                 884.68   74.00     2.65E-001                       -2.95E-002   
                 937.48   34.51     6.06E-001                        2.55E-001   
                1384.29   24.70     8.83E-001                       -7.49E-001   
       I-131      80.18    2.61     8.41E+000        2.04E-001      -5.71E+000   
                 284.30    6.14     2.65E+000                       -3.69E-001   
                 364.49   81.20     2.04E-001                        1.77E-001   
                 636.99    7.12     2.69E+000                        5.50E-001   
                 722.91    1.79     1.03E+001                        3.98E-001   
       CS-134    563.23    8.38     2.03E+000        2.27E-001       6.36E-001   
                 569.32   15.39     1.22E+000                       -1.42E-001   
                 604.69   97.63     2.27E-001                        5.68E-002   
                 795.84   85.52     2.30E-001                        2.65E-001   
                1365.16    3.02     7.52E+000                       -3.38E+000   
       CS-137    661.66   84.99     2.19E-001        2.19E-001       1.95E-001   
       BA-140    162.66    6.49     2.30E+000        6.86E-001       2.03E-001   
                 304.97    4.33     3.93E+000                       -1.63E+000   
                 537.26   24.60     6.86E-001                       -9.29E-002   
       EU-152     45.48   11.78     1.25E+001        5.27E-001       7.01E+000   
                  46.70    3.04     4.10E+001                        4.22E+001   
                 121.78   28.41     5.27E-001                        1.83E-001   
                 244.70    7.55     2.12E+000                        3.60E-001   
                 344.28   26.59     6.28E-001                        7.77E-002   
                 411.12    2.24     7.37E+000                        4.86E-001   
                 443.96    2.80     6.01E+000                       -1.56E+000   
                 563.99    0.46     3.78E+001                        9.39E+000   
                 566.44    0.13     1.38E+002                       -7.77E+001   
                 688.67    0.84     2.20E+001                        8.07E+000   
                 764.90    0.19     1.10E+002                        3.72E+001   
                 778.90   12.97     1.51E+000                        7.19E-001   
                 810.45    0.32     6.26E+001                        3.18E+001   
                 867.38    4.24     4.93E+000                        1.27E+000   
                 964.08   14.50     1.49E+000                       -7.21E-001   
                1085.84   10.13     2.17E+000                        2.11E+000   
                1112.08   13.41     1.61E+000                        3.21E-001   
                1299.14    1.63     1.22E+001                        1.48E+000   
                1408.01   20.85     1.17E+000                       -4.03E-002   
       EU-154    123.07   40.40     3.71E-001        3.71E-001      -2.66E-001   
                 247.93    6.89     2.26E+000                       -4.61E-001   
                 723.30   20.05     9.13E-001                        3.02E-001   
                 756.80    4.53     4.43E+000                       -1.63E+000   
                 873.18   12.17     1.60E+000                       -2.13E+000   
                1004.72   17.86     1.14E+000                        5.64E-001   
                1274.43   34.90     6.08E-001                       -1.81E-002   
       EU-155     86.55   30.70     6.24E-001        6.24E-001       2.22E-002   
                 105.31   21.10     7.54E-001                       -2.93E-001   
       Pb-210     46.54    4.25     3.00E+001        3.00E+001       3.08E+001   
       AM-241     59.54   35.92     1.15E+000        1.15E+000      -1.22E+000   

 + = Нуклидът е идентифициран в спектъра
 * = Линията е открита в спектъра
 > = Не е изчислена стойност за МДА
 @ = Периодът на полуразпадане е твърде кратък - няма корекция за разпадане 
