 14.6.19  09:57:30                                                 Page  1

         ДЪРЖАВНО ПРЕДПРИЯТИЕ РАДИОАКТИВНИ ОТПАДЪЦИ
      Лаборатория за изпитване сектор Радиохимия ЛИ-РХ

*************************************************************************
*****     Г А М А - С П Е К Т Р О М Е Т Р И Ч Е Н   А Н А Л И З     *****
*************************************************************************

Описание на пробата               3947-1                                             
                                  Вана за дезакт.DL34B01                             
                                  H3PO4                                              

Извършил анализа :                П.Катранкиев                подпис:......
                                                      Дата  14.6.2019   

Имe нa файла:
L:\SPE\IZV-N\IZV-N-19\3947-1.CNF                                                      

Количество на пробата              1.00E+000 l       
Неопределеност                       0.0041

Kалибровка по ефективност         T23-M10_2016    

Време на вземане на пробата       13.6.2019  09:00:00   
Начало на измерване               13.6.2019  09:47:19   
Зададено време                      60000.000 с
Реално време                        60058.866 с
Мъртво време                            0.10 %

Корекция с фонов спектър          C:\GENIE2K\FonT23A-D-3105.CNF          
Използвана библиотека             C:\GENIE2K\CAMFILES\RCH_CommonAnalyzes.N

Дата на калибровка по енергия     18.10.2016
Дата на калибровка по ефективност 18.10.2016

Случайна неопределеност             1.00 %.
Систематична неопределеност        10.00 %.

                                Проверил: Дата  ............. подпис:......



*****  А К Т И В Н О С Т  Н А  И Д Е Н Т И Ф И Ц И Р А Н И Т Е  Н У К Л И Д И  *****


     Нуклид   Сигурност на   Активност  Неопределеност  Неопределеност  MДA на нуклида
     Име      идентификация  (Bq /l   )   (Bq /l   )         (%)          (Bq /l   )

 X   NA-22      0.992
 X   CO-57      0.748
     CO-60      0.980        2.23E+002    4.99E+001         22.34          2.54E-001  
     Nb-94      0.989        1.02E+000    3.06E-001         29.97          4.49E-001  
     AG-108M    0.994        4.94E+000    1.15E+000         23.25          4.88E-001  
     CS-134     0.785        6.76E-001    2.29E-001         33.82          5.27E-001  
     CS-137     0.994        3.60E+002    8.16E+001         22.68          6.25E-001  
     EU-154     0.570        1.22E+000    4.07E-001         33.42          1.12E+000  
     AM-241     1.000        5.23E+001    1.23E+001         23.50          2.53E+000  

* = Активността на нуклида е под МДА
? = Не е намерено точно решение за този нуклид
X = Нуклидът е отхвърлен след интерференсния анализ
@ = Нуклидът съдържа линии,които не са използвани при изчисляване на активността

 Неопределеността е изчислена при  2.000 сигма

 14.6.19  09:57:30                                                 Page  2


*****   М И Н И М А Л Н О  Д Е Т Е К Т И Р У Е М И   А К Т И В Н О С Т И   *****


       Нуклид    Енергия   Добив   MДA на линията   MДA на нуклида   Активност
       Име       (keV)     (%)     (Bq /l   )        (Bq /l   )      (Bq /l   )

       NA-22    1274.58   99.94     5.79E-001        5.79E-001       4.45E-001 * 
       K-40     1460.82   10.55     3.00E+000        3.00E+000       5.41E+000   
       MN-54     834.85   99.98     6.09E-001        6.09E-001       5.03E-002   
 +     CO-60    1173.23   99.85     6.84E-001        2.54E-001       2.22E+002 * 
                1332.49   99.98     2.54E-001                        2.25E+002 * 
 +     Nb-94     702.62   97.90     4.49E-001        4.49E-001       1.05E+000 * 
                 871.09   99.90     6.32E-001                        9.86E-001 * 
       NB-95     765.80   99.81     5.50E-001        5.50E-001      -9.54E-002   
 +     AG-108M   433.94   90.10     4.88E-001        4.88E-001       4.96E+000 * 
                 614.28   90.50     5.52E-001                        4.89E+000 * 
                 722.91   90.80     7.26E-001                        5.24E+000 * 
       AG-110M   657.76   94.38     2.43E+000        9.00E-001      -1.38E+000   
                 763.94   22.31     2.45E+000                        5.58E-001   
                 818.02    7.33     8.11E+000                       -2.70E+000   
                 884.68   74.00     9.00E-001                        3.29E-001   
                 937.48   34.51     2.29E+000                       -3.03E+000   
                1384.29   24.70     1.12E+000                       -2.80E-001   
 +     CS-134    563.23    8.38     5.90E+000        5.27E-001       1.53E+000   
                 569.32   15.39     3.20E+000                        1.80E-001   
                 604.69   97.63     5.27E-001                        6.44E-001 * 
                 795.84   85.52     1.07E+000                        7.24E-001 * 
                1365.16    3.02     8.57E+000                       -5.62E+000   
 +     CS-137    661.66   84.99     6.25E-001        6.25E-001       3.60E+002 * 
       BA-140    162.66    6.49     5.48E+000        2.11E+000       3.09E+000   
                 304.97    4.33     1.06E+001                       -4.10E-001   
                 537.26   24.60     2.11E+000                       -1.38E+000   
       EU-152     45.48   11.78     1.54E+001        1.21E+000      -8.52E+000   
                  46.70    3.04     5.28E+001                       -3.93E+000   
                 121.78   28.41     1.21E+000                        1.75E-001   
                 244.70    7.55     5.97E+000                        1.66E+000   
                 344.28   26.59     1.82E+000                        1.67E+000   
                 411.12    2.24     2.45E+001                        7.98E+000   
                 443.96    2.80     2.18E+001                       -2.15E+000   
                 563.99    0.46     1.08E+002                        6.16E+001   
                 566.44    0.13     3.77E+002                       -2.25E+001   
                 688.67    0.84     5.72E+001                        3.42E+001   
                 764.90    0.19     2.87E+002                       -1.96E+002   
                 778.90   12.97     4.27E+000                        5.90E+000   
                 810.45    0.32     1.83E+002                        7.47E+001   
                 867.38    4.24     1.57E+001                       -2.54E+000   
                 964.08   14.50     5.41E+000                       -5.19E+000   
                1085.84   10.13     7.48E+000                        8.29E-001   
                1112.08   13.41     5.80E+000                        9.13E+000   
                1299.14    1.63     2.25E+001                        9.12E+000   
                1408.01   20.85     1.29E+000                       -6.51E-001   
 +     EU-154    123.07   40.40     1.12E+000        1.12E+000       1.17E+000 * 
                 247.93    6.89     6.52E+000                       -1.43E+000   
                 723.30   20.05     3.29E+000                        2.37E+001 * 
                 756.80    4.53     1.19E+001                        9.77E+000   
                 873.18   12.17     5.57E+000                        1.08E+001   
                1004.72   17.86     4.13E+000                        3.10E+000   
                1274.43   34.90     1.66E+000                        1.27E+000 * 
       EU-155     86.55   30.70     1.19E+000        1.19E+000       1.07E+000   
                 105.31   21.10     1.63E+000                       -3.76E-001   
       Pb-210     46.54    4.25     3.83E+001        3.83E+001      -7.58E+000   
 +     AM-241     59.54   35.92     2.53E+000        2.53E+000       5.23E+001 * 

 + = Нуклидът е идентифициран в спектъра
 * = Линията е открита в спектъра
 > = Не е изчислена стойност за МДА
 @ = Периодът на полуразпадане е твърде кратък - няма корекция за разпадане 
