 30.8.19  14:15:41                                                 Page  1

         ДЪРЖАВНО ПРЕДПРИЯТИЕ РАДИОАКТИВНИ ОТПАДЪЦИ
      Лаборатория за изпитване сектор Радиохимия ЛИ-РХ

*************************************************************************
*****     Г А М А - С П Е К Т Р О М Е Т Р И Ч Е Н   А Н А Л И З     *****
*************************************************************************

Описание на пробата               4003-2                                             
                                  52/048                                             

Извършил анализа :                П.Катранкиев                подпис:......
                                                      Дата  30.8.2019   

Имe нa файла:
L:\SPE\IZV-N\IZV-N-19\Топлоизолационна вата\4003-2.CNF                                

Количество на пробата              1.6244E+002 g       
Неопределеност                       0.0150

Kалибровка по ефективност         T23-M10_2016    

Време на вземане на пробата       23.7.2019  14:00:00   
Начало на измерване               1.8.2019   08:26:38   
Зададено време                       3600.000 с
Реално време                         3600.536 с
Мъртво време                            0.01 %

Корекция с фонов спектър          C:\GENIE2K\FonT23A-M-0208.CNF          
Използвана библиотека             C:\GENIE2K\CAMFILES\RCH_CommonAnalyzes.N

Дата на калибровка по енергия     18.10.2016
Дата на калибровка по ефективност 18.10.2016

Случайна неопределеност             1.00 %.
Систематична неопределеност        10.00 %.

                                Проверил: Дата  ............. подпис:......



*****  А К Т И В Н О С Т  Н А  И Д Е Н Т И Ф И Ц И Р А Н И Т Е  Н У К Л И Д И  *****


     Нуклид   Сигурност на   Активност  Неопределеност  Неопределеност  MДA на нуклида
     Име      идентификация  (Bq /g   )   (Bq /g   )         (%)          (Bq /g   )

     K-40       0.986        4.18E-001    1.43E-001         34.18          5.15E-002  
 ?   CD-109     0.962        9.94E-002    5.29E-002         53.18    
     CS-137     0.997        2.35E-002    8.15E-003         34.71          4.74E-003  
 ?   EU-155     0.303        1.17E-002    6.23E-003         53.13    

* = Активността на нуклида е под МДА
? = Не е намерено точно решение за този нуклид
X = Нуклидът е отхвърлен след интерференсния анализ
@ = Нуклидът съдържа линии,които не са използвани при изчисляване на активността

 Неопределеността е изчислена при  2.000 сигма

 30.8.19  14:15:41                                                 Page  2


*****   М И Н И М А Л Н О  Д Е Т Е К Т И Р У Е М И   А К Т И В Н О С Т И   *****


       Нуклид    Енергия   Добив   MДA на линията   MДA на нуклида   Активност
       Име       (keV)     (%)     (Bq /g   )        (Bq /g   )      (Bq /g   )

 +     K-40     1460.82   10.55     5.15E-002        5.15E-002       4.18E-001 * 
       MN-54     834.85   99.98     5.07E-003        5.07E-003       1.79E-003   
       CO-60    1173.23   99.85     5.87E-003        4.90E-003       3.92E-003   
                1332.49   99.98     4.90E-003                        3.99E-003   
       Nb-94     702.62   97.90     4.02E-003        4.02E-003       5.72E-004   
                 871.09   99.90     4.07E-003                       -2.40E-004   
       NB-95     765.80   99.81     6.11E-003        6.11E-003       6.45E-003   
       AG-108M   433.94   90.10     3.92E-003        3.92E-003      -3.69E-004   
                 614.28   90.50     7.53E-003                       -5.37E-004   
                 722.91   90.80     5.50E-003                       -5.77E-003   
       AG-110M   657.76   94.38     7.65E-003        5.08E-003      -2.43E-003   
                 763.94   22.31     2.14E-002                       -3.00E-002   
                 818.02    7.33     5.71E-002                       -1.30E-003   
                 884.68   74.00     5.08E-003                       -2.31E-003   
                 937.48   34.51     1.55E-002                        8.57E-003   
                1384.29   24.70     2.22E-002                       -2.43E-002   
       CS-134    563.23    8.38     4.74E-002        5.20E-003       2.48E-002   
                 569.32   15.39     2.36E-002                       -1.38E-002   
                 604.69   97.63     5.20E-003                       -4.37E-003   
                 795.84   85.52     5.33E-003                       -1.84E-005   
                1365.16    3.02     1.31E-001                       -1.66E-001   
 +     CS-137    661.66   84.99     4.74E-003        4.74E-003       2.35E-002 * 
       BA-140    162.66    6.49     6.82E-002        2.45E-002      -3.54E-002   
                 304.97    4.33     1.13E-001                       -1.60E-002   
                 537.26   24.60     2.45E-002                        3.78E-003   
       EU-152     45.48   11.78     1.49E-001        9.60E-003       4.84E-002   
                  46.70    3.04     5.08E-001                        2.48E-001   
                 121.78   28.41     9.60E-003                        1.95E-003   
                 244.70    7.55     5.50E-002                        1.20E-002   
                 344.28   26.59     1.34E-002                       -3.88E-004   
                 411.12    2.24     1.69E-001                       -3.19E-002   
                 443.96    2.80     1.23E-001                        4.92E-002   
                 563.99    0.46     8.59E-001                        3.19E-001   
                 566.44    0.13     2.98E+000                       -5.11E-001   
                 688.67    0.84     4.89E-001                       -2.69E-001   
                 764.90    0.19     2.68E+000                        2.82E+000   
                 778.90   12.97     3.07E-002                       -8.57E-003   
                 810.45    0.32     1.41E+000                        5.79E-002   
                 867.38    4.24     9.45E-002                       -6.23E-002   
                 964.08   14.50     4.70E-002                        2.01E-002   
                1085.84   10.13     4.67E-002                       -1.97E-002   
                1112.08   13.41     3.38E-002                       -7.66E-003   
                1299.14    1.63     2.93E-001                        1.11E-001   
                1408.01   20.85     2.53E-002                        1.81E-002   
       EU-154    123.07   40.40     6.83E-003        6.83E-003       1.73E-003   
                 247.93    6.89     4.41E-002                       -1.82E-003   
                 723.30   20.05     2.58E-002                       -2.24E-002   
                 756.80    4.53     9.57E-002                        1.56E-002   
                 873.18   12.17     3.39E-002                       -1.54E-002   
                1004.72   17.86     2.89E-002                        2.47E-002   
                1274.43   34.90     1.51E-002                       -2.34E-002   
 +     EU-155     86.55   30.70     8.19E-003        8.19E-003       1.17E-002 * 
                 105.31   21.10     1.39E-002                       -1.16E-002   
       Pb-210     46.54    4.25     3.68E-001        3.68E-001       1.64E-001   
       AM-241     59.54   35.92     1.80E-002        1.80E-002       5.04E-003   

 + = Нуклидът е идентифициран в спектъра
 * = Линията е открита в спектъра
 > = Не е изчислена стойност за МДА
 @ = Периодът на полуразпадане е твърде кратък - няма корекция за разпадане 
