 30.8.19  09:46:20                                                 Page  1

         ДЪРЖАВНО ПРЕДПРИЯТИЕ РАДИОАКТИВНИ ОТПАДЪЦИ
      Лаборатория за изпитване сектор Радиохимия ЛИ-РХ

*************************************************************************
*****     Г А М А - С П Е К Т Р О М Е Т Р И Ч Е Н   А Н А Л И З     *****
*************************************************************************

Описание на пробата               4035-1                                             
                                  Баня ЦНРД                                          
                                  03D-SS02T01                                        

Извършил анализа :                П.Катранкиев                подпис:......
                                                      Дата  30.8.2019   

Имe нa файла:
L:\SPE\IZV-N\IZV-N-19\Баня ЦНРД\4035-1.CNF                                            

Количество на пробата              1.0000E+000 l       
Неопределеност                       0.0041

Kалибровка по ефективност         T19-M10_2016    

Време на вземане на пробата       29.8.2019  12:00:00   
Начало на измерване               29.8.2019  15:36:31   
Зададено време                      20000.000 с
Реално време                        20002.800 с
Мъртво време                            0.01 %

Корекция с фонов спектър          C:\GENIE2K\FonT19A-M-0208.CNF          
Използвана библиотека             C:\GENIE2K\CAMFILES\RCH_CommonAnalyzes.N

Дата на калибровка по енергия     7.9.2016  
Дата на калибровка по ефективност 7.9.2016  

Случайна неопределеност             1.00 %.
Систематична неопределеност         0.00 %.

                                Проверил: Дата  ............. подпис:......



*****  А К Т И В Н О С Т  Н А  И Д Е Н Т И Ф И Ц И Р А Н И Т Е  Н У К Л И Д И  *****


     Нуклид   Сигурност на   Активност  Неопределеност  Неопределеност  MДA на нуклида
     Име      идентификация  (Bq /l   )   (Bq /l   )         (%)          (Bq /l   )

     K-40       0.937        1.63E+000*   1.77E+000        108.43          3.24E+000  
     CE-141     0.893        1.85E-001    7.88E-002         42.56          0.00E+000  

* = Активността на нуклида е под МДА
? = Не е намерено точно решение за този нуклид
X = Нуклидът е отхвърлен след интерференсния анализ
@ = Нуклидът съдържа линии,които не са използвани при изчисляване на активността

 Неопределеността е изчислена при  2.000 сигма

 30.8.19  09:46:20                                                 Page  2


*****   М И Н И М А Л Н О  Д Е Т Е К Т И Р У Е М И   А К Т И В Н О С Т И   *****


       Нуклид    Енергия   Добив   MДA на линията   MДA на нуклида   Активност
       Име       (keV)     (%)     (Bq /l   )        (Bq /l   )      (Bq /l   )

 +     K-40     1460.82   10.55     3.24E+000        3.24E+000       1.63E+000 * 
       MN-54     834.85   99.98     1.96E-001        1.96E-001       8.41E-002   
       CO-60    1173.23   99.85     2.47E-001        2.44E-001       1.71E-001   
                1332.49   99.98     2.44E-001                        6.06E-002   
       Nb-94     702.62   97.90     2.14E-001        2.14E-001      -3.84E-002   
                 871.09   99.90     2.18E-001                        9.17E-002   
       NB-95     765.80   99.81     2.15E-001        2.15E-001       7.41E-002   
       AG-108M   433.94   90.10     2.26E-001        2.26E-001      -9.65E-002   
                 614.28   90.50     2.58E-001                       -1.05E-001   
                 722.91   90.80     2.33E-001                       -1.08E-001   
       AG-110M   657.76   94.38     2.13E-001        2.13E-001      -2.62E-001   
                 763.94   22.31     9.56E-001                        3.37E-001   
                 818.02    7.33     2.89E+000                        1.68E-001   
                 884.68   74.00     2.62E-001                        1.04E-001   
                 937.48   34.51     6.31E-001                        7.70E-002   
                1384.29   24.70     1.03E+000                       -3.25E-001   
       CS-134    563.23    8.38     2.48E+000        2.46E-001      -1.17E+000   
                 569.32   15.39     1.26E+000                        3.85E-001   
                 604.69   97.63     2.51E-001                        1.04E-001   
                 795.84   85.52     2.46E-001                        7.37E-002   
                1365.16    3.02     7.37E+000                        9.09E-001   
       CS-137    661.66   84.99     2.43E-001        2.43E-001       2.00E-002   
       BA-140    162.66    6.49     2.70E+000        7.85E-001       1.20E+000   
                 304.97    4.33     4.66E+000                       -2.31E+000   
                 537.26   24.60     7.85E-001                       -3.93E-001   
       EU-152     45.48   11.78     7.06E+000        5.49E-001       6.64E+000   
                  46.70    3.04     2.37E+001                        9.31E+000   
                 121.78   28.41     5.49E-001                       -6.07E-001   
                 244.70    7.55     2.66E+000                        1.55E+000   
                 344.28   26.59     7.57E-001                        7.98E-001   
                 411.12    2.24     8.92E+000                        1.71E+000   
                 443.96    2.80     7.67E+000                        2.68E+000   
                 563.99    0.46     4.38E+001                       -3.24E+001   
                 566.44    0.13     1.50E+002                       -1.48E+001   
                 688.67    0.84     2.54E+001                        8.48E+000   
                 764.90    0.19     1.11E+002                       -2.73E-001   
                 778.90   12.97     1.52E+000                        5.14E-001   
                 810.45    0.32     6.58E+001                        4.05E+001   
                 867.38    4.24     5.09E+000                       -2.70E+000   
                 964.08   14.50     1.54E+000                       -6.70E-001   
                1085.84   10.13     2.21E+000                        4.06E-001   
                1112.08   13.41     1.52E+000                       -3.63E-001   
                1299.14    1.63     1.52E+001                        1.28E+001   
                1408.01   20.85     1.18E+000                       -3.41E-002   
       EU-154    123.07   40.40     3.89E-001        3.89E-001      -9.92E-002   
                 247.93    6.89     2.80E+000                        2.19E+000   
                 723.30   20.05     1.06E+000                        2.47E-001   
                 756.80    4.53     4.45E+000                       -5.85E-001   
                 873.18   12.17     1.69E+000                       -5.73E-001   
                1004.72   17.86     1.32E+000                        7.49E-002   
                1274.43   34.90     6.75E-001                       -3.24E-001   
       EU-155     86.55   30.70     6.60E-001        6.60E-001       3.40E-001   
                 105.31   21.10     7.68E-001                       -1.41E-001   
       Pb-210     46.54    4.25     1.72E+001        1.72E+001       6.76E+000   
       AM-241     59.54   35.92     8.15E-001        8.15E-001       3.79E-002   

 + = Нуклидът е идентифициран в спектъра
 * = Линията е открита в спектъра
 > = Не е изчислена стойност за МДА
 @ = Периодът на полуразпадане е твърде кратък - няма корекция за разпадане 
